============================= test session starts =============================
platform win32 -- Python 3.10.6, pytest-9.0.1, pluggy-1.6.0
rootdir: C:\Users\rob\projects\StableNew
configfile: pytest.ini (WARNING: ignoring pytest config in pyproject.toml!)
plugins: cov-7.0.0, requests-mock-1.12.1
collected 1032 items

tests\ai_v2\test_local_stub_settings_generator_behavior.py .             [  0%]
tests\ai_v2\test_settings_generator_adapter_from_learning.py .           [  0%]
tests\ai_v2\test_settings_generator_contract_roundtrip.py .              [  0%]
tests\ai_v2\test_settings_suggestion_controller_apply.py ..              [  0%]
tests\api\test_client_generate_images.py ..                              [  0%]
tests\api\test_healthcheck_v2.py ...                                     [  0%]
tests\api\test_sdxl_payloads.py ......F...........                       [  2%]
tests\api\test_webui_api_upscale_payload.py ..                           [  2%]
tests\api\test_webui_healthcheck.py ..                                   [  3%]
tests\api\test_webui_process_manager.py ..F....                          [  3%]
tests\api\test_webui_process_manager_shutdown_v2.py ...                  [  4%]
tests\api\test_webui_resources.py ..                                     [  4%]
tests\api\test_webui_resources_adetailer_v2.py .                         [  4%]
tests\api\test_webui_retry_policy_v2.py ..                               [  4%]
tests\app\test_bootstrap_webui_autostart.py ..                           [  4%]
tests\app\test_webui_launch_opens_browser_v2.py .                        [  4%]
tests\cluster\test_worker_model_and_registry.py ..                       [  5%]
tests\controller\test_adetailer_stage_integration_v2.py ..F              [  5%]
tests\controller\test_app_controller_add_to_queue_v2.py ....             [  5%]
tests\controller\test_app_controller_config.py FF                        [  5%]
tests\controller\test_app_controller_diagnostics.py FF                   [  6%]
tests\controller\test_app_controller_job_failure_v2.py F                 [  6%]
tests\controller\test_app_controller_lora_runtime.py ...                 [  6%]
tests\controller\test_app_controller_packs.py FFF                        [  6%]
tests\controller\test_app_controller_pipeline_bridge.py .FFF             [  7%]
tests\controller\test_app_controller_pipeline_draft_v2.py ...            [  7%]
tests\controller\test_app_controller_pipeline_integration.py FF          [  7%]
tests\controller\test_app_controller_run_bridge_v2.py ....               [  8%]
tests\controller\test_app_controller_run_mode_defaults.py ..F            [  8%]
tests\controller\test_app_controller_run_now_bridge.py .F                [  8%]
tests\controller\test_app_controller_settings_v2.py .                    [  8%]
tests\controller\test_app_controller_shutdown_v2.py EE                   [  8%]
tests\controller\test_app_controller_start_run_shim.py ..                [  9%]
tests\controller\test_app_to_pipeline_run_bridge_v2.py ....              [  9%]
tests\controller\test_cluster_controller.py .                            [  9%]
tests\controller\test_controller_job_lifecycle.py .                      [  9%]
tests\controller\test_controller_learning_toggle.py ..                   [  9%]
tests\controller\test_controller_queue_execution.py .                    [  9%]
tests\controller\test_core_run_path_v2.py .F                             [ 10%]
tests\controller\test_job_history_controller_v2.py FF                    [ 10%]
tests\controller\test_job_history_service.py ...                         [ 10%]
tests\controller\test_job_lifecycle_logger_v2.py ...                     [ 10%]
tests\controller\test_job_queue_integration_v2.py FFF                    [ 11%]
tests\controller\test_job_retry_metadata_v2.py .                         [ 11%]
tests\controller\test_job_service_container_cleanup.py .                 [ 11%]
tests\controller\test_job_service_di_v2.py ............                  [ 12%]
tests\controller\test_job_service_history_v2.py ..                       [ 12%]
tests\controller\test_job_service_process_cleanup.py ...                 [ 12%]
tests\controller\test_job_service_unit.py ......                         [ 13%]
tests\controller\test_job_service_watchdog.py .                          [ 13%]
tests\controller\test_learning_execution_controller_gui_contract.py ...  [ 13%]
tests\controller\test_pack_draft_to_normalized_preview_v2.py .           [ 14%]
tests\controller\test_pipeline_config_assembler.py ...                   [ 14%]
tests\controller\test_pipeline_config_assembler_core_fields.py ..        [ 14%]
tests\controller\test_pipeline_config_assembler_model_fields.py .        [ 14%]
tests\controller\test_pipeline_config_assembler_negative_prompt.py .     [ 14%]
tests\controller\test_pipeline_config_assembler_output_settings.py .     [ 14%]
tests\controller\test_pipeline_config_assembler_resolution.py .          [ 14%]
tests\controller\test_pipeline_controller_config_path.py .               [ 15%]
tests\controller\test_pipeline_controller_history_refresh_v2.py ..       [ 15%]
tests\controller\test_pipeline_controller_job_specs_v2.py .............. [ 16%]
.................                                                        [ 18%]
tests\controller\test_pipeline_controller_jobbuilder_integration_v2.py . [ 18%]
...........                                                              [ 19%]
tests\controller\test_pipeline_controller_queue_mode.py ...              [ 19%]
tests\controller\test_pipeline_controller_run_modes_v2.py ........       [ 20%]
tests\controller\test_pipeline_controller_webui_gating.py ..             [ 20%]
tests\controller\test_pipeline_preview_to_queue_v2.py F.                 [ 20%]
tests\controller\test_pipeline_randomizer_config_v2.py ...               [ 21%]
tests\controller\test_pipeline_randomizer_integration_v2.py ............ [ 22%]
                                                                         [ 22%]
tests\controller\test_pipeline_replay_job_v2.py F                        [ 22%]
tests\controller\test_presets_integration_v2.py ..                       [ 22%]
tests\controller\test_profile_integration.py ...                         [ 22%]
tests\controller\test_queue_execution_controller.py ..                   [ 23%]
tests\controller\test_queue_operations_v2.py .................           [ 24%]
tests\controller\test_resource_refresh_adetailer_v2.py .                 [ 24%]
tests\controller\test_shutdown_inspector_v2.py ..                        [ 25%]
tests\controller\test_stage_sequencer_controller_integration.py .        [ 25%]
